mode: set
github.com/buzhiyun/workload-hostalias-operator/api/v1alpha1/workloadhostalias_types.go:87.13,89.2 1 0
github.com/buzhiyun/workload-hostalias-operator/api/v1alpha1/zz_generated.deepcopy.go:13.61,15.25 2 0
github.com/buzhiyun/workload-hostalias-operator/api/v1alpha1/zz_generated.deepcopy.go:15.25,19.3 3 0
github.com/buzhiyun/workload-hostalias-operator/api/v1alpha1/zz_generated.deepcopy.go:23.54,24.15 1 0
github.com/buzhiyun/workload-hostalias-operator/api/v1alpha1/zz_generated.deepcopy.go:24.15,26.3 1 0
github.com/buzhiyun/workload-hostalias-operator/api/v1alpha1/zz_generated.deepcopy.go:27.2,29.12 3 0
github.com/buzhiyun/workload-hostalias-operator/api/v1alpha1/zz_generated.deepcopy.go:33.67,39.2 5 0
github.com/buzhiyun/workload-hostalias-operator/api/v1alpha1/zz_generated.deepcopy.go:42.60,43.15 1 0
github.com/buzhiyun/workload-hostalias-operator/api/v1alpha1/zz_generated.deepcopy.go:43.15,45.3 1 0
github.com/buzhiyun/workload-hostalias-operator/api/v1alpha1/zz_generated.deepcopy.go:46.2,48.12 3 0
github.com/buzhiyun/workload-hostalias-operator/api/v1alpha1/zz_generated.deepcopy.go:52.62,53.34 1 0
github.com/buzhiyun/workload-hostalias-operator/api/v1alpha1/zz_generated.deepcopy.go:53.34,55.3 1 0
github.com/buzhiyun/workload-hostalias-operator/api/v1alpha1/zz_generated.deepcopy.go:56.2,56.12 1 0
github.com/buzhiyun/workload-hostalias-operator/api/v1alpha1/zz_generated.deepcopy.go:60.75,64.21 4 0
github.com/buzhiyun/workload-hostalias-operator/api/v1alpha1/zz_generated.deepcopy.go:64.21,67.22 3 0
github.com/buzhiyun/workload-hostalias-operator/api/v1alpha1/zz_generated.deepcopy.go:67.22,69.4 1 0
github.com/buzhiyun/workload-hostalias-operator/api/v1alpha1/zz_generated.deepcopy.go:74.68,75.15 1 0
github.com/buzhiyun/workload-hostalias-operator/api/v1alpha1/zz_generated.deepcopy.go:75.15,77.3 1 0
github.com/buzhiyun/workload-hostalias-operator/api/v1alpha1/zz_generated.deepcopy.go:78.2,80.12 3 0
github.com/buzhiyun/workload-hostalias-operator/api/v1alpha1/zz_generated.deepcopy.go:84.66,85.34 1 0
github.com/buzhiyun/workload-hostalias-operator/api/v1alpha1/zz_generated.deepcopy.go:85.34,87.3 1 0
github.com/buzhiyun/workload-hostalias-operator/api/v1alpha1/zz_generated.deepcopy.go:88.2,88.12 1 0
github.com/buzhiyun/workload-hostalias-operator/api/v1alpha1/zz_generated.deepcopy.go:92.75,95.27 3 0
github.com/buzhiyun/workload-hostalias-operator/api/v1alpha1/zz_generated.deepcopy.go:95.27,98.22 3 0
github.com/buzhiyun/workload-hostalias-operator/api/v1alpha1/zz_generated.deepcopy.go:98.22,100.4 1 0
github.com/buzhiyun/workload-hostalias-operator/api/v1alpha1/zz_generated.deepcopy.go:105.68,106.15 1 0
github.com/buzhiyun/workload-hostalias-operator/api/v1alpha1/zz_generated.deepcopy.go:106.15,108.3 1 0
github.com/buzhiyun/workload-hostalias-operator/api/v1alpha1/zz_generated.deepcopy.go:109.2,111.12 3 0
github.com/buzhiyun/workload-hostalias-operator/api/v1alpha1/zz_generated.deepcopy.go:115.79,117.26 2 0
github.com/buzhiyun/workload-hostalias-operator/api/v1alpha1/zz_generated.deepcopy.go:117.26,120.22 3 0
github.com/buzhiyun/workload-hostalias-operator/api/v1alpha1/zz_generated.deepcopy.go:120.22,122.4 1 0
github.com/buzhiyun/workload-hostalias-operator/api/v1alpha1/zz_generated.deepcopy.go:124.2,124.28 1 0
github.com/buzhiyun/workload-hostalias-operator/api/v1alpha1/zz_generated.deepcopy.go:124.28,127.3 2 0
github.com/buzhiyun/workload-hostalias-operator/api/v1alpha1/zz_generated.deepcopy.go:131.72,132.15 1 0
github.com/buzhiyun/workload-hostalias-operator/api/v1alpha1/zz_generated.deepcopy.go:132.15,134.3 1 0
github.com/buzhiyun/workload-hostalias-operator/api/v1alpha1/zz_generated.deepcopy.go:135.2,137.12 3 0
github.com/buzhiyun/workload-hostalias-operator/api/v1alpha1/zz_generated.deepcopy.go:141.61,143.2 1 0
github.com/buzhiyun/workload-hostalias-operator/api/v1alpha1/zz_generated.deepcopy.go:146.54,147.15 1 0
github.com/buzhiyun/workload-hostalias-operator/api/v1alpha1/zz_generated.deepcopy.go:147.15,149.3 1 0
github.com/buzhiyun/workload-hostalias-operator/api/v1alpha1/zz_generated.deepcopy.go:150.2,152.12 3 0
github.com/buzhiyun/workload-hostalias-operator/cmd/main.go:25.13,28.2 2 0
github.com/buzhiyun/workload-hostalias-operator/cmd/main.go:30.13,54.16 12 0
github.com/buzhiyun/workload-hostalias-operator/cmd/main.go:54.16,57.3 2 0
github.com/buzhiyun/workload-hostalias-operator/cmd/main.go:59.2,63.39 1 0
github.com/buzhiyun/workload-hostalias-operator/cmd/main.go:63.39,66.3 2 0
github.com/buzhiyun/workload-hostalias-operator/cmd/main.go:68.2,68.69 1 0
github.com/buzhiyun/workload-hostalias-operator/cmd/main.go:68.69,71.3 2 0
github.com/buzhiyun/workload-hostalias-operator/cmd/main.go:72.2,72.67 1 0
github.com/buzhiyun/workload-hostalias-operator/cmd/main.go:72.67,75.3 2 0
github.com/buzhiyun/workload-hostalias-operator/cmd/main.go:77.2,78.61 2 0
github.com/buzhiyun/workload-hostalias-operator/cmd/main.go:78.61,81.3 2 0
github.com/buzhiyun/workload-hostalias-operator/internal/controller/merge.go:13.92,15.33 2 1
github.com/buzhiyun/workload-hostalias-operator/internal/controller/merge.go:15.33,17.3 1 1
github.com/buzhiyun/workload-hostalias-operator/internal/controller/merge.go:20.2,21.29 2 1
github.com/buzhiyun/workload-hostalias-operator/internal/controller/merge.go:21.29,22.89 1 1
github.com/buzhiyun/workload-hostalias-operator/internal/controller/merge.go:22.89,23.12 1 1
github.com/buzhiyun/workload-hostalias-operator/internal/controller/merge.go:25.3,25.34 1 1
github.com/buzhiyun/workload-hostalias-operator/internal/controller/merge.go:29.2,30.29 2 1
github.com/buzhiyun/workload-hostalias-operator/internal/controller/merge.go:30.29,32.3 1 1
github.com/buzhiyun/workload-hostalias-operator/internal/controller/merge.go:34.2,37.29 3 1
github.com/buzhiyun/workload-hostalias-operator/internal/controller/merge.go:37.29,40.3 2 1
github.com/buzhiyun/workload-hostalias-operator/internal/controller/merge.go:42.2,42.30 1 1
github.com/buzhiyun/workload-hostalias-operator/internal/controller/merge.go:42.30,43.22 1 1
github.com/buzhiyun/workload-hostalias-operator/internal/controller/merge.go:43.22,46.4 2 1
github.com/buzhiyun/workload-hostalias-operator/internal/controller/merge.go:49.2,49.41 1 1
github.com/buzhiyun/workload-hostalias-operator/internal/controller/merge.go:49.41,51.3 1 1
github.com/buzhiyun/workload-hostalias-operator/internal/controller/merge.go:53.2,53.15 1 1
github.com/buzhiyun/workload-hostalias-operator/internal/controller/merge.go:58.91,60.33 2 1
github.com/buzhiyun/workload-hostalias-operator/internal/controller/merge.go:60.33,62.3 1 1
github.com/buzhiyun/workload-hostalias-operator/internal/controller/merge.go:64.2,65.29 2 1
github.com/buzhiyun/workload-hostalias-operator/internal/controller/merge.go:65.29,66.89 1 1
github.com/buzhiyun/workload-hostalias-operator/internal/controller/merge.go:66.89,67.12 1 1
github.com/buzhiyun/workload-hostalias-operator/internal/controller/merge.go:69.3,69.30 1 1
github.com/buzhiyun/workload-hostalias-operator/internal/controller/merge.go:72.2,72.15 1 1
github.com/buzhiyun/workload-hostalias-operator/internal/controller/merge.go:76.51,77.18 1 1
github.com/buzhiyun/workload-hostalias-operator/internal/controller/merge.go:77.18,79.3 1 0
github.com/buzhiyun/workload-hostalias-operator/internal/controller/merge.go:80.2,80.42 1 1
github.com/buzhiyun/workload-hostalias-operator/internal/controller/merge.go:80.42,82.3 1 0
github.com/buzhiyun/workload-hostalias-operator/internal/controller/merge.go:83.2,84.32 2 1
github.com/buzhiyun/workload-hostalias-operator/internal/controller/merge.go:84.32,86.3 1 1
github.com/buzhiyun/workload-hostalias-operator/internal/controller/merge.go:87.2,87.32 1 1
github.com/buzhiyun/workload-hostalias-operator/internal/controller/merge.go:87.32,88.28 1 1
github.com/buzhiyun/workload-hostalias-operator/internal/controller/merge.go:88.28,90.4 1 1
github.com/buzhiyun/workload-hostalias-operator/internal/controller/merge.go:92.2,92.13 1 1
github.com/buzhiyun/workload-hostalias-operator/internal/controller/metrics.go:40.13,46.2 1 1
github.com/buzhiyun/workload-hostalias-operator/internal/controller/workloadhostalias_controller.go:52.109,56.15 3 0
github.com/buzhiyun/workload-hostalias-operator/internal/controller/workloadhostalias_controller.go:56.15,58.3 1 0
github.com/buzhiyun/workload-hostalias-operator/internal/controller/workloadhostalias_controller.go:61.2,62.69 2 0
github.com/buzhiyun/workload-hostalias-operator/internal/controller/workloadhostalias_controller.go:62.69,63.29 1 0
github.com/buzhiyun/workload-hostalias-operator/internal/controller/workloadhostalias_controller.go:63.29,66.4 2 0
github.com/buzhiyun/workload-hostalias-operator/internal/controller/workloadhostalias_controller.go:67.3,68.28 2 0
github.com/buzhiyun/workload-hostalias-operator/internal/controller/workloadhostalias_controller.go:72.2,72.45 1 0
github.com/buzhiyun/workload-hostalias-operator/internal/controller/workloadhostalias_controller.go:72.45,74.3 1 0
github.com/buzhiyun/workload-hostalias-operator/internal/controller/workloadhostalias_controller.go:76.2,76.53 1 0
github.com/buzhiyun/workload-hostalias-operator/internal/controller/workloadhostalias_controller.go:76.53,77.59 1 0
github.com/buzhiyun/workload-hostalias-operator/internal/controller/workloadhostalias_controller.go:77.59,80.4 2 0
github.com/buzhiyun/workload-hostalias-operator/internal/controller/workloadhostalias_controller.go:81.3,81.41 1 0
github.com/buzhiyun/workload-hostalias-operator/internal/controller/workloadhostalias_controller.go:85.2,86.16 2 0
github.com/buzhiyun/workload-hostalias-operator/internal/controller/workloadhostalias_controller.go:86.16,87.29 1 0
github.com/buzhiyun/workload-hostalias-operator/internal/controller/workloadhostalias_controller.go:87.29,101.4 5 0
github.com/buzhiyun/workload-hostalias-operator/internal/controller/workloadhostalias_controller.go:102.3,103.28 2 0
github.com/buzhiyun/workload-hostalias-operator/internal/controller/workloadhostalias_controller.go:107.2,109.49 3 0
github.com/buzhiyun/workload-hostalias-operator/internal/controller/workloadhostalias_controller.go:109.49,118.3 5 0
github.com/buzhiyun/workload-hostalias-operator/internal/controller/workloadhostalias_controller.go:121.2,125.16 3 0
github.com/buzhiyun/workload-hostalias-operator/internal/controller/workloadhostalias_controller.go:125.16,128.3 2 0
github.com/buzhiyun/workload-hostalias-operator/internal/controller/workloadhostalias_controller.go:130.2,139.24 6 0
github.com/buzhiyun/workload-hostalias-operator/internal/controller/workloadhostalias_controller.go:139.24,141.3 1 0
github.com/buzhiyun/workload-hostalias-operator/internal/controller/workloadhostalias_controller.go:143.2,144.56 2 0
github.com/buzhiyun/workload-hostalias-operator/internal/controller/workloadhostalias_controller.go:144.56,146.3 1 0
github.com/buzhiyun/workload-hostalias-operator/internal/controller/workloadhostalias_controller.go:147.2,147.49 1 0
github.com/buzhiyun/workload-hostalias-operator/internal/controller/workloadhostalias_controller.go:147.49,149.3 1 0
github.com/buzhiyun/workload-hostalias-operator/internal/controller/workloadhostalias_controller.go:150.2,150.70 1 0
github.com/buzhiyun/workload-hostalias-operator/internal/controller/workloadhostalias_controller.go:150.70,152.3 1 0
github.com/buzhiyun/workload-hostalias-operator/internal/controller/workloadhostalias_controller.go:153.2,153.54 1 0
github.com/buzhiyun/workload-hostalias-operator/internal/controller/workloadhostalias_controller.go:153.54,155.3 1 0
github.com/buzhiyun/workload-hostalias-operator/internal/controller/workloadhostalias_controller.go:157.2,157.17 1 0
github.com/buzhiyun/workload-hostalias-operator/internal/controller/workloadhostalias_controller.go:157.17,165.49 6 0
github.com/buzhiyun/workload-hostalias-operator/internal/controller/workloadhostalias_controller.go:165.49,166.30 1 0
github.com/buzhiyun/workload-hostalias-operator/internal/controller/workloadhostalias_controller.go:166.30,170.5 3 0
github.com/buzhiyun/workload-hostalias-operator/internal/controller/workloadhostalias_controller.go:171.4,175.29 4 0
github.com/buzhiyun/workload-hostalias-operator/internal/controller/workloadhostalias_controller.go:178.3,186.111 2 0
github.com/buzhiyun/workload-hostalias-operator/internal/controller/workloadhostalias_controller.go:190.2,195.27 3 0
github.com/buzhiyun/workload-hostalias-operator/internal/controller/workloadhostalias_controller.go:198.146,201.52 2 0
github.com/buzhiyun/workload-hostalias-operator/internal/controller/workloadhostalias_controller.go:201.52,203.3 1 0
github.com/buzhiyun/workload-hostalias-operator/internal/controller/workloadhostalias_controller.go:206.2,207.16 2 0
github.com/buzhiyun/workload-hostalias-operator/internal/controller/workloadhostalias_controller.go:207.16,210.18 2 0
github.com/buzhiyun/workload-hostalias-operator/internal/controller/workloadhostalias_controller.go:210.18,221.50 9 0
github.com/buzhiyun/workload-hostalias-operator/internal/controller/workloadhostalias_controller.go:221.50,222.31 1 0
github.com/buzhiyun/workload-hostalias-operator/internal/controller/workloadhostalias_controller.go:222.31,225.6 2 0
github.com/buzhiyun/workload-hostalias-operator/internal/controller/workloadhostalias_controller.go:226.5,227.30 2 0
github.com/buzhiyun/workload-hostalias-operator/internal/controller/workloadhostalias_controller.go:229.4,233.5 1 0
github.com/buzhiyun/workload-hostalias-operator/internal/controller/workloadhostalias_controller.go:235.8,235.36 1 0
github.com/buzhiyun/workload-hostalias-operator/internal/controller/workloadhostalias_controller.go:235.36,237.3 1 0
github.com/buzhiyun/workload-hostalias-operator/internal/controller/workloadhostalias_controller.go:240.2,240.60 1 0
github.com/buzhiyun/workload-hostalias-operator/internal/controller/workloadhostalias_controller.go:240.60,242.3 1 0
github.com/buzhiyun/workload-hostalias-operator/internal/controller/workloadhostalias_controller.go:244.2,245.27 2 0
github.com/buzhiyun/workload-hostalias-operator/internal/controller/workloadhostalias_controller.go:248.147,254.38 2 0
github.com/buzhiyun/workload-hostalias-operator/internal/controller/workloadhostalias_controller.go:255.20,257.50 2 0
github.com/buzhiyun/workload-hostalias-operator/internal/controller/workloadhostalias_controller.go:257.50,259.4 1 0
github.com/buzhiyun/workload-hostalias-operator/internal/controller/workloadhostalias_controller.go:260.3,260.22 1 0
github.com/buzhiyun/workload-hostalias-operator/internal/controller/workloadhostalias_controller.go:261.19,263.46 2 0
github.com/buzhiyun/workload-hostalias-operator/internal/controller/workloadhostalias_controller.go:263.46,265.4 1 0
github.com/buzhiyun/workload-hostalias-operator/internal/controller/workloadhostalias_controller.go:266.3,266.18 1 0
github.com/buzhiyun/workload-hostalias-operator/internal/controller/workloadhostalias_controller.go:267.21,269.47 2 0
github.com/buzhiyun/workload-hostalias-operator/internal/controller/workloadhostalias_controller.go:269.47,271.4 1 0
github.com/buzhiyun/workload-hostalias-operator/internal/controller/workloadhostalias_controller.go:272.3,272.19 1 0
github.com/buzhiyun/workload-hostalias-operator/internal/controller/workloadhostalias_controller.go:273.10,274.88 1 0
github.com/buzhiyun/workload-hostalias-operator/internal/controller/workloadhostalias_controller.go:278.184,291.60 6 0
github.com/buzhiyun/workload-hostalias-operator/internal/controller/workloadhostalias_controller.go:291.60,294.3 2 0
github.com/buzhiyun/workload-hostalias-operator/internal/controller/workloadhostalias_controller.go:295.2,295.12 1 0
github.com/buzhiyun/workload-hostalias-operator/internal/controller/workloadhostalias_controller.go:298.129,302.2 3 0
github.com/buzhiyun/workload-hostalias-operator/internal/controller/workloadhostalias_controller.go:304.132,307.2 2 0
github.com/buzhiyun/workload-hostalias-operator/internal/controller/workloadhostalias_controller.go:310.132,312.24 2 0
github.com/buzhiyun/workload-hostalias-operator/internal/controller/workloadhostalias_controller.go:312.24,314.3 1 0
github.com/buzhiyun/workload-hostalias-operator/internal/controller/workloadhostalias_controller.go:316.2,316.49 1 0
github.com/buzhiyun/workload-hostalias-operator/internal/controller/workloadhostalias_controller.go:316.49,318.3 1 0
github.com/buzhiyun/workload-hostalias-operator/internal/controller/workloadhostalias_controller.go:320.2,321.20 2 0
github.com/buzhiyun/workload-hostalias-operator/internal/controller/workloadhostalias_controller.go:321.20,323.3 1 0
github.com/buzhiyun/workload-hostalias-operator/internal/controller/workloadhostalias_controller.go:325.2,326.21 2 0
github.com/buzhiyun/workload-hostalias-operator/internal/controller/workloadhostalias_controller.go:326.21,328.3 1 0
github.com/buzhiyun/workload-hostalias-operator/internal/controller/workloadhostalias_controller.go:330.2,337.3 1 0
github.com/buzhiyun/workload-hostalias-operator/internal/controller/workloadhostalias_controller.go:341.80,357.2 1 0
github.com/buzhiyun/workload-hostalias-operator/internal/controller/workloadhostalias_controller.go:361.77,362.25 1 0
github.com/buzhiyun/workload-hostalias-operator/internal/controller/workloadhostalias_controller.go:363.26,364.31 1 0
github.com/buzhiyun/workload-hostalias-operator/internal/controller/workloadhostalias_controller.go:365.25,366.31 1 0
github.com/buzhiyun/workload-hostalias-operator/internal/controller/workloadhostalias_controller.go:367.27,368.31 1 0
github.com/buzhiyun/workload-hostalias-operator/internal/controller/workloadhostalias_controller.go:369.10,370.63 1 0
github.com/buzhiyun/workload-hostalias-operator/internal/controller/workloadhostalias_controller.go:374.58,376.24 2 0
github.com/buzhiyun/workload-hostalias-operator/internal/controller/workloadhostalias_controller.go:376.24,378.3 1 0
github.com/buzhiyun/workload-hostalias-operator/internal/controller/workloadhostalias_controller.go:379.2,379.25 1 0
github.com/buzhiyun/workload-hostalias-operator/internal/controller/workloadhostalias_controller.go:382.71,384.15 2 0
github.com/buzhiyun/workload-hostalias-operator/internal/controller/workloadhostalias_controller.go:384.15,386.3 1 0
github.com/buzhiyun/workload-hostalias-operator/internal/controller/workloadhostalias_controller.go:387.2,388.61 2 0
github.com/buzhiyun/workload-hostalias-operator/internal/controller/workloadhostalias_controller.go:388.61,390.3 1 0
github.com/buzhiyun/workload-hostalias-operator/internal/controller/workloadhostalias_controller.go:391.2,391.15 1 0
github.com/buzhiyun/workload-hostalias-operator/internal/controller/workloadhostalias_controller.go:394.89,396.28 2 0
github.com/buzhiyun/workload-hostalias-operator/internal/controller/workloadhostalias_controller.go:396.28,401.3 1 0
github.com/buzhiyun/workload-hostalias-operator/internal/controller/workloadhostalias_controller.go:402.2,402.15 1 0
github.com/buzhiyun/workload-hostalias-operator/internal/controller/workloadhostalias_controller.go:405.89,406.35 1 0
github.com/buzhiyun/workload-hostalias-operator/internal/controller/workloadhostalias_controller.go:406.35,407.21 1 0
github.com/buzhiyun/workload-hostalias-operator/internal/controller/workloadhostalias_controller.go:407.21,409.4 1 0
github.com/buzhiyun/workload-hostalias-operator/internal/controller/workloadhostalias_controller.go:411.2,411.14 1 0
github.com/buzhiyun/workload-hostalias-operator/internal/controller/workloadhostalias_controller.go:414.54,416.29 2 0
github.com/buzhiyun/workload-hostalias-operator/internal/controller/workloadhostalias_controller.go:416.29,417.16 1 0
github.com/buzhiyun/workload-hostalias-operator/internal/controller/workloadhostalias_controller.go:417.16,419.4 1 0
github.com/buzhiyun/workload-hostalias-operator/internal/controller/workloadhostalias_controller.go:421.2,421.15 1 0
github.com/buzhiyun/workload-hostalias-operator/internal/controller/workloadhostalias_controller.go:424.58,425.22 1 0
github.com/buzhiyun/workload-hostalias-operator/internal/controller/workloadhostalias_controller.go:425.22,427.3 1 0
github.com/buzhiyun/workload-hostalias-operator/internal/controller/workloadhostalias_controller.go:428.2,428.19 1 0
github.com/buzhiyun/workload-hostalias-operator/internal/controller/workloadhostalias_controller.go:428.19,429.36 1 0
github.com/buzhiyun/workload-hostalias-operator/internal/controller/workloadhostalias_controller.go:429.36,431.4 1 0
github.com/buzhiyun/workload-hostalias-operator/internal/controller/workloadhostalias_controller.go:433.2,433.13 1 0
